Verify: Log should have no lines before this one.
