Verify.Text: Initial load
Verify.Text: Record A;0 in dataset DataSet0 found and has Type=BaseSampleData.
Verify.Text: Record A;0 in dataset DataSet1 found and has Type=BaseSampleData.
Verify.Text: Record B;0 in dataset DataSet0 not found.
Verify.Text: Record B;0 in dataset DataSet1 found and has Type=DerivedSampleData.
Verify.Text: Query in dataset DataSet0
Verify.Text: Record A;0 returned by query in dataset DataSet0 and has Type=BaseSampleData.
Verify.Text: Query in dataset DataSet1
Verify.Text: Record A;0 returned by query in dataset DataSet1 and has Type=BaseSampleData.
Verify.Text: Record B;0 returned by query in dataset DataSet1 and has Type=DerivedSampleData.
Verify.Text: Delete A0 record in B dataset
Verify.Text: Record A;0 in dataset DataSet0 found and has Type=BaseSampleData.
Verify.Text: Record A;0 in dataset DataSet1 not found.
Verify.Text: Query in dataset DataSet0
Verify.Text: Record A;0 returned by query in dataset DataSet0 and has Type=BaseSampleData.
Verify.Text: Query in dataset DataSet1
Verify.Text: Record B;0 returned by query in dataset DataSet1 and has Type=DerivedSampleData.
Verify.Text: Delete A0 record in A dataset
Verify.Text: Record A;0 in dataset DataSet0 not found.
Verify.Text: Record A;0 in dataset DataSet1 not found.
Verify.Text: Query in dataset DataSet0
Verify.Text: Query in dataset DataSet1
Verify.Text: Record B;0 returned by query in dataset DataSet1 and has Type=DerivedSampleData.
Verify.Text: Delete B0 record in B dataset
Verify.Text: Record B;0 in dataset DataSet0 not found.
Verify.Text: Record B;0 in dataset DataSet1 not found.
Verify.Text: Query in dataset DataSet0
Verify.Text: Query in dataset DataSet1
