Verify: Key=B;1 DataSet=DataSet0 Version=2
Verify: Key=B;3 DataSet=DataSet0 Version=2
Verify: Key=B;5 DataSet=DataSet1 Version=1
Verify: Key=B;7 DataSet=DataSet1 Version=1
Verify: Key=B;9 DataSet=DataSet2 Version=0
Verify: Key=B;11 DataSet=DataSet3 Version=0
