Verify: empty == InstantUtil.Empty
Verify: empty.HasValue() == false
Verify: empty.ToIsoString() == String.Empty
Verify: empty.AsString() == String.Empty
