Verify: String roundtrip for 2003-05-01T10:15:30.000Z assert.
Verify: Long roundtrip for 2003-05-01T10:15:30.000Z assert.
Verify: String roundtrip for 2003-05-01T10:15:30.005Z assert.
Verify: Long roundtrip for 2003-05-01T10:15:30.005Z assert.
