Verify: Whole milliseconds
Verify: Fractional milliseconds
Verify: Whole seconds
Verify: Fractional seconds
Verify: Whole minutes
Verify: Fractional minutes
