Verify: IsoDayOfWeek.None.HasValue must be false
Verify: IsoDayOfWeek.Monday.HasValue must be true
