Verify: ISO 8601 format: 2003-05-01
Verify: Readable int format: 20030501
