Verify.File: ValueTableSerializationTest.Basic.NoHeaders.approved.csv (29 bytes)
Verify.File: ValueTableSerializationTest.Basic.RowHeaders.approved.csv (44 bytes)
Verify.File: ValueTableSerializationTest.Basic.ColHeaders.approved.csv (50 bytes)
Verify.File: ValueTableSerializationTest.Basic.RowAndColHeaders.approved.csv (72 bytes)
