Row0,Str0,0.5,false,0,0,2003-05-01,10:15:30,10:15,2003-05-01 10:15:00
Row1,Str1,1.5,true,1,1,2003-05-02,11:15:30,11:15,2003-05-03 12:15:00
Row2,Str2,2.5,false,2,2,2003-05-03,12:15:30,12:15,2003-05-05 14:15:00
