Verify: NoHeaders
    Str0,0.5,false,0,0,2003-05-01,10:15:30,10:15,2003-05-01T10:15:00.000,2003-05-01T10:15:00.000Z
    Str1,1.5,true,1,1,2003-05-02,11:15:30,11:15,2003-05-03T12:15:00.000,2003-05-01T10:15:00.000Z
    Str2,2.5,false,2,2,2003-05-03,12:15:30,12:15,2003-05-05T14:15:00.000,2003-05-01T10:15:00.000Z
Verify: RowHeaders
    Row0,Str0,0.5,false,0,0,2003-05-01,10:15:30,10:15,2003-05-01T10:15:00.000,2003-05-01T10:15:00.000Z
    Row1,Str1,1.5,true,1,1,2003-05-02,11:15:30,11:15,2003-05-03T12:15:00.000,2003-05-01T10:15:00.000Z
    Row2,Str2,2.5,false,2,2,2003-05-03,12:15:30,12:15,2003-05-05T14:15:00.000,2003-05-01T10:15:00.000Z
Verify: ColHeaders
    Col0,Col1,Col2,Col3,Col4,Col5,Col6,Col7,Col8,Col9
    Str0,0.5,false,0,0,2003-05-01,10:15:30,10:15,2003-05-01T10:15:00.000,2003-05-01T10:15:00.000Z
    Str1,1.5,true,1,1,2003-05-02,11:15:30,11:15,2003-05-03T12:15:00.000,2003-05-01T10:15:00.000Z
    Str2,2.5,false,2,2,2003-05-03,12:15:30,12:15,2003-05-05T14:15:00.000,2003-05-01T10:15:00.000Z
Verify: RowAndColHeaders
    Corner,Col0,Col1,Col2,Col3,Col4,Col5,Col6,Col7,Col8,Col9
    Row0,Str0,0.5,false,0,0,2003-05-01,10:15:30,10:15,2003-05-01T10:15:00.000,2003-05-01T10:15:00.000Z
    Row1,Str1,1.5,true,1,1,2003-05-02,11:15:30,11:15,2003-05-03T12:15:00.000,2003-05-01T10:15:00.000Z
    Row2,Str2,2.5,false,2,2,2003-05-03,12:15:30,12:15,2003-05-05T14:15:00.000,2003-05-01T10:15:00.000Z
