Verify.Passed: String roundtrip for 2003-05-01 10:15:30
Verify.Passed: Long roundtrip for 2003-05-01 10:15:30
Verify.Passed: String roundtrip for 2003-05-01 10:15:30.005
Verify.Passed: Long roundtrip for 2003-05-01 10:15:30.005
