Verify.Text: true;123;12345678912345;20030501;101530000;1015;20030501101500000;EnumValue2
Verify.Text: true;123;12345678912345;20030501;101530000;1015;20030501101500000;EnumValue2
Verify.Text: true;123;12345678912345;20030501;101530000;1015;20030501101500000;EnumValue2
Verify.Text: true;123;12345678912345;20030501;101530000;1015;20030501101500000;EnumValue2
