Verify.Text: Serialized key: abc;def;123;xyz
Verify.Text: Deserialized key: abc;def;123;xyz
