Verify: Inserted 10 records.
Verify: Query returned 10 records.
Verify: Sum(DoubleElement)=45
