Verify: Serialized key for a singleton must be String.Empty assert.
Verify: Deserialized key for a singleton must be String.Empty assert.
