Verify: Serialized key: 075bcd150000000000000000
Verify: Deserialized key: 075bcd150000000000000000
