Verify.Text: Inserted 40 record versions.
Verify.Text: Query returned 1 records.
Verify.Value: Sum(DoubleElement) = 5
