Verify: Inserted 40 record versions.
Verify: Found 10 records.
Verify: Sum(DoubleElement)=45
