Verify.Text: Query by MongoTestData, sort by RecordIndex descending, then by DoubleElement ascending
Verify.Text:     RecordIndex=3 DoubleElement=100 Key=A;3 Type=Data
Verify.Text:     RecordIndex=3 DoubleElement=300 Key=B;3 Type=DerivedData
Verify.Text:     RecordIndex=3 DoubleElement=300 Key=C;3 Type=OtherDerivedData
Verify.Text:     RecordIndex=3 DoubleElement=300 Key=D;3 Type=DerivedFromDerivedData
Verify.Text:     RecordIndex=2 DoubleElement=100 Key=A;2 Type=Data
Verify.Text:     RecordIndex=2 DoubleElement=300 Key=B;2 Type=DerivedData
Verify.Text:     RecordIndex=2 DoubleElement=300 Key=C;2 Type=OtherDerivedData
Verify.Text:     RecordIndex=2 DoubleElement=300 Key=D;2 Type=DerivedFromDerivedData
Verify.Text:     RecordIndex=1 DoubleElement=100 Key=A;1 Type=Data
Verify.Text:     RecordIndex=1 DoubleElement=300 Key=B;1 Type=DerivedData
Verify.Text:     RecordIndex=1 DoubleElement=300 Key=C;1 Type=OtherDerivedData
Verify.Text:     RecordIndex=1 DoubleElement=300 Key=D;1 Type=DerivedFromDerivedData
Verify.Text:     RecordIndex=0 DoubleElement=100 Key=A;0 Type=Data
Verify.Text:     RecordIndex=0 DoubleElement=300 Key=B;0 Type=DerivedData
Verify.Text:     RecordIndex=0 DoubleElement=300 Key=C;0 Type=OtherDerivedData
Verify.Text:     RecordIndex=0 DoubleElement=300 Key=D;0 Type=DerivedFromDerivedData
