Verify: Disposing resources of BaseClassSample
Verify: Disposing resources of DerivedClassSample
Verify: Disposing resources of BaseClassSample
Verify: Disposing resources of DerivedClassSample
Verify: Disposing resources of BaseClassSample
