Verify.Text: Positive value to string: 0
Verify.Text: Positive value to string: 0.1
Verify.Text: Positive value to string: 0.01
Verify.Text: Positive value to string: 10
Verify.Text: Positive value to string: 100
Verify.Text: Positive value to string: 1000
Verify.Text: Positive value to string: 10000
Verify.Text: Positive value to string: 100000
Verify.Text: Positive value to string: 0
Verify.Text: Positive value to string: 0
Verify.Text: Positive value to string: 0.000001
Verify.Text: Positive value to string: 0.000012
Verify.Text: Positive value to string: 0.000123
Verify.Text: Positive value to string: 0.001235
Verify.Text: Positive value to string: 0.012346
Verify.Text: Positive value to string: 0.123457
Verify.Text: Positive value to string: 1.2346
Verify.Text: Positive value to string: 12.3457
Verify.Text: Positive value to string: 123.46
Verify.Text: Positive value to string: 1234.57
Verify.Text: Positive value to string: 12345.68
Verify.Text: Positive value to string: 123456.79
Verify.Text: Positive value to string: 1234567.89
Verify.Text: Positive value to string: 12345678.9
Verify.Text: Positive value to string: 123456789
Verify.Text: Positive value to string: 1234567890
Verify.Text: Negative value to string: 0
Verify.Text: Negative value to string: -0.1
Verify.Text: Negative value to string: -0.01
Verify.Text: Negative value to string: -10
Verify.Text: Negative value to string: -100
Verify.Text: Negative value to string: -1000
Verify.Text: Negative value to string: -10000
Verify.Text: Negative value to string: -100000
Verify.Text: Negative value to string: 0
Verify.Text: Negative value to string: 0
Verify.Text: Negative value to string: -0.000001
Verify.Text: Negative value to string: -0.000012
Verify.Text: Negative value to string: -0.000123
Verify.Text: Negative value to string: -0.001235
Verify.Text: Negative value to string: -0.012346
Verify.Text: Negative value to string: -0.123457
Verify.Text: Negative value to string: -1.2346
Verify.Text: Negative value to string: -12.3457
Verify.Text: Negative value to string: -123.46
Verify.Text: Negative value to string: -1234.57
Verify.Text: Negative value to string: -12345.68
Verify.Text: Negative value to string: -123456.79
Verify.Text: Negative value to string: -1234567.89
Verify.Text: Negative value to string: -12345678.9
Verify.Text: Negative value to string: -123456789
Verify.Text: Negative value to string: -1234567890
