Status: Normal status entry preceding exception
Error: Test exception message.
Verify.Text: Message = Test exception message.
