Info: Normal status entry preceding exception
Verify.Value: Message = Test exception message.
