Verify.File: XmlTreeWriterTest.Attributes.Output.approved.xml (1064 bytes)
