Verify.File: XmlWriterTest.Attributes.Output.approved.xml (1064 bytes)
