Verify.Text: Write A;0 record to A dataset
Verify.Passed: Record found before deletion.
Verify.Text: Query returned Key=A;0 DataSet=A Version=1
Verify.Text: Query record count before deletion 1
Verify.Text: Delete A;0 record in A dataset
Verify.Passed: Record not found after deletion.
Verify.Text: Query record count after deletion 0
