Verify.Text: Load records by ObjectId without constraint
Verify.Value:     Found by ObjectId=A0 = true
Verify.Value:     Found by ObjectId=A1 = true
Verify.Value:     Found by ObjectId=A2 = true
Verify.Value:     Found by ObjectId=C0 = true
Verify.Text: Load records by string key without constraint
Verify.Text:     Version found for key=A;0: 2
Verify.Text:     Version found for key=C;0: 0
Verify.Text: Query records without constraint
Verify.Text:     Key=A;0 DataSet=A Version=2
Verify.Text:     Key=B;0 DataSet=B Version=2
Verify.Text:     Key=C;0 DataSet=A Version=0
Verify.Text:     Key=D;0 DataSet=B Version=0
Verify.Text: Load records by ObjectId with SavedById constraint
Verify.Value:     Found by ObjectId=A0 = true
Verify.Value:     Found by ObjectId=A1 = true
Verify.Value:     Found by ObjectId=A2 = false
Verify.Value:     Found by ObjectId=C0 = false
Verify.Text: Load records by string key with SavedById constraint
Verify.Text:     Version found for key=A;0: 1
Verify.Text: Query records with SavedById constraint
Verify.Text:     Key=A;0 DataSet=A Version=1
Verify.Text:     Key=B;0 DataSet=B Version=1
