Verify.Text: Record A;0 in dataset DataSet0 found and has Type=MongoTestData.
Verify.Text: Record A;0 in dataset DataSet1 found and has Type=MongoTestData.
Verify.Text: Record B;0 in dataset DataSet0 not found.
Verify.Text: Record B;0 in dataset DataSet1 found and has Type=MongoTestDerivedData.
