Verify.File: DataWriterTest.Basic.Original.approved.xml (141 bytes)
Verify.File: DataWriterTest.Basic.Copy.approved.xml (141 bytes)
Verify.Passed: Serialization roundtrip
