<?xml version="1.0" encoding="utf-8"?>
<DerivedTypeSample>
  <SampleId>AAA</SampleId>
  <DoubleElement>1</DoubleElement>
  <IntElement>1</IntElement>
  <NonNullableIntList>100</NonNullableIntList>
  <NonNullableIntList>200</NonNullableIntList>
  <NullableIntList>100</NullableIntList>
  <NullableIntList />
  <NullableIntList>300</NullableIntList>
  <StringList>AAAA</StringList>
  <StringList>BBBB</StringList>
  <KeyElement>BBB</KeyElement>
  <KeyList>BBB</KeyList>
  <KeyList>BBB</KeyList>
  <DataElement>
    <SampleId>CCC</SampleId>
    <DoubleElement>2</DoubleElement>
  </DataElement>
  <DataList>
    <SampleId>DDD</SampleId>
    <DoubleElement>3</DoubleElement>
  </DataList>
  <DataList>
    <SampleId>DDD</SampleId>
    <DoubleElement>4</DoubleElement>
  </DataList>
</DerivedTypeSample>
