Verify.File: DataTreeWriterTest.Basic.Original.approved.xml (141 bytes)
Verify.File: DataTreeWriterTest.Basic.Copy.approved.xml (141 bytes)
Verify.Passed: Serialization roundtrip
