<?xml version="1.0" encoding="utf-8"?>
<BaseTypeSample>
  <SampleID>ABC</SampleID>
  <DoubleElement>1</DoubleElement>
</BaseTypeSample>
