Verify: Positive value to string: 0
Verify: Positive value to string: 0.1
Verify: Positive value to string: 0.01
Verify: Positive value to string: 10
Verify: Positive value to string: 100
Verify: Positive value to string: 1000
Verify: Positive value to string: 10000
Verify: Positive value to string: 100000
Verify: Positive value to string: 0
Verify: Positive value to string: 0
Verify: Positive value to string: 0.000001
Verify: Positive value to string: 0.000012
Verify: Positive value to string: 0.000123
Verify: Positive value to string: 0.001235
Verify: Positive value to string: 0.012346
Verify: Positive value to string: 0.123457
Verify: Positive value to string: 1.2346
Verify: Positive value to string: 12.3457
Verify: Positive value to string: 123.46
Verify: Positive value to string: 1234.57
Verify: Positive value to string: 12345.68
Verify: Positive value to string: 123456.79
Verify: Positive value to string: 1234567.89
Verify: Positive value to string: 12345678.9
Verify: Positive value to string: 123456789
Verify: Positive value to string: 1234567890
Verify: Negative value to string: 0
Verify: Negative value to string: -0.1
Verify: Negative value to string: -0.01
Verify: Negative value to string: -10
Verify: Negative value to string: -100
Verify: Negative value to string: -1000
Verify: Negative value to string: -10000
Verify: Negative value to string: -100000
Verify: Negative value to string: 0
Verify: Negative value to string: 0
Verify: Negative value to string: -0.000001
Verify: Negative value to string: -0.000012
Verify: Negative value to string: -0.000123
Verify: Negative value to string: -0.001235
Verify: Negative value to string: -0.012346
Verify: Negative value to string: -0.123457
Verify: Negative value to string: -1.2346
Verify: Negative value to string: -12.3457
Verify: Negative value to string: -123.46
Verify: Negative value to string: -1234.57
Verify: Negative value to string: -12345.68
Verify: Negative value to string: -123456.79
Verify: Negative value to string: -1234567.89
Verify: Negative value to string: -12345678.9
Verify: Negative value to string: -123456789
Verify: Negative value to string: -1234567890
