Verify: None.IsEmpty() == false
Verify: Monday.IsEmpty() == false
